import static org.junit.Assert.assertEquals;

import org.junit.Test;

public class SimpleTest {

	@Test
	public void test() {
		assertEquals("actual", "actual");
	}
	
}
